
> prime-power-solutions@0.0.0 build
> vite build

[36mvite v5.4.21 [32mbuilding for production...[36m[39m
transforming...
[32mΓ£ô[39m 1487 modules transformed.
node.exe : [31mx[39m Build 
failed in 1.29s
At line:1 char:1
+ & "C:\Program 
Files\nodejs/node.exe" 
"C:\Program 
Files\nodejs/node_mo ...
+ ~~~~~~~~~~~~~~~~~~~~~~~~~~~
~~~~~~~~~~~~~~~~~~~~~~~~~~~~~
~~~~~~~~~~~~~
    + CategoryInfo           
   : NotSpecified: ([31mx  
  [39m Build failed in 1.2   
 9s:String) [], RemoteExc    
eption
    + FullyQualifiedErrorId  
   : NativeCommandError
 
[31merror during build:
[31msrc/pages/Home.jsx 
(3:22): "Tool" is not 
exported by "node_modules/luc
ide-react/dist/esm/lucide-rea
ct.js", imported by 
"src/pages/Home.jsx".[31m
file: [36mE:/prime/src/pages
/Home.jsx:3:22[31m
[33m
1: import React from 'react';
2: import { Link } from 
'react-router-dom';
3: import { Shield, Zap, 
Tool, Clock, ArrowRight } 
from 'lucide-react';
                         ^
4: import './Home.css';
[31m
    at getRollupError (file:/
//E:/prime/node_modules/rollu
p/dist/es/shared/parseAst.js:
406:41)
    at error (file:///E:/prim
e/node_modules/rollup/dist/es
/shared/parseAst.js:402:42)
    at Module.error (file:///
E:/prime/node_modules/rollup/
dist/es/shared/node-entry.js:
17065:16)
    at Module.traceVariable (
file:///E:/prime/node_modules
/rollup/dist/es/shared/node-e
ntry.js:17477:29)
    at 
ModuleScope.findVariable (fil
e:///E:/prime/node_modules/ro
llup/dist/es/shared/node-entr
y.js:15090:39)
    at ReturnValueScope.findV
ariable (file:///E:/prime/nod
e_modules/rollup/dist/es/shar
ed/node-entry.js:5676:38)
    at FunctionBodyScope.find
Variable (file:///E:/prime/no
de_modules/rollup/dist/es/sha
red/node-entry.js:5676:38)
    at Identifier.bind (file:
///E:/prime/node_modules/roll
up/dist/es/shared/node-entry.
js:5450:40)
    at CallExpression.bind (f
ile:///E:/prime/node_modules/
rollup/dist/es/shared/node-en
try.js:2828:28)
    at CallExpression.bind (f
ile:///E:/prime/node_modules/
rollup/dist/es/shared/node-en
try.js:12199:15)[39m
